// Jest Snapshot v1, https://goo.gl/fbAQLP

exports[`AccountManagementPage should match snapshot 1`] = `
<section
  className="content-container"
>
  <div
    className="manage-accounts content-innards"
  >
    <h2
      className="heading"
    >
       Manage Accounts 
    </h2>
    <div
      className="manage-accounts__block"
    >
      <h3
        className="heading heading--secondary"
      >
        New
         Account
      </h3>
      <form
        className="manage-accounts__form"
        onSubmit={[Function]}
      >
        <div
          className="manage-accounts__form-row"
        >
          <span>
             Name 
          </span>
          <input
            className="input"
            onChange={[Function]}
            type="text"
            value=""
          />
        </div>
        <div
          className="manage-accounts__form-row"
        >
          <span>
             Website 
          </span>
          <input
            className="input"
            onChange={[Function]}
            type="text"
            value=""
          />
        </div>
        <button
          className="btn btn--secondary"
        >
          Save
        </button>
      </form>
    </div>
    <div
      className="manage-accounts__block"
    >
      <h3
        className="heading heading--secondary"
      >
         Accounts 
      </h3>
      <input
        className="search"
        onChange={[Function]}
        placeholder="Search..."
        type="text"
        value=""
      />
      <ul
        className="manage-accounts__list"
      >
        <li
          key="jfkda;"
          onClick={[Function]}
        >
          <button>
            Flower Motors
          </button>
        </li>
        <li
          key="kfjdka"
          onClick={[Function]}
        >
          <button>
            Prophecy Systems
          </button>
        </li>
        <li
          key="fjdkal"
          onClick={[Function]}
        >
          <button>
            Dynamic Foods
          </button>
        </li>
      </ul>
    </div>
  </div>
</section>
`;
