// Jest Snapshot v1, https://goo.gl/fbAQLP

exports[`ContactCard should match snapshot 1`] = `
<div>
  <h3>
     Contact 
  </h3>
  <ul>
    <li>
      Jerry Fisher
    </li>
    <li>
      jerry@mail.com
    </li>
    <li>
      8015678989
    </li>
  </ul>
</div>
`;
